---
source: crates/kelta-work/tests/claude_files.rs
expression: got
---
{
  "hooks": {
    "Notification": [
      {
        "hooks": [
          {
            "allowedEnvVars": [
              "KELTA_HOOK_TOKEN"
            ],
            "headers": {
              "Authorization": "Bearer ${KELTA_HOOK_TOKEN}"
            },
            "timeout": 2,
            "type": "http",
            "url": "http://127.0.0.1:51234/hook/0192f0c1-0000-7000-8000-000000000001"
          }
        ],
        "matcher": "permission_prompt|idle_prompt|elicitation_dialog|agent_needs_input"
      }
    ],
    "PermissionRequest": [
      {
        "hooks": [
          {
            "allowedEnvVars": [
              "KELTA_HOOK_TOKEN"
            ],
            "headers": {
              "Authorization": "Bearer ${KELTA_HOOK_TOKEN}"
            },
            "timeout": 2,
            "type": "http",
            "url": "http://127.0.0.1:51234/hook/0192f0c1-0000-7000-8000-000000000001"
          }
        ]
      }
    ],
    "PostToolUse": [
      {
        "hooks": [
          {
            "allowedEnvVars": [
              "KELTA_HOOK_TOKEN"
            ],
            "headers": {
              "Authorization": "Bearer ${KELTA_HOOK_TOKEN}"
            },
            "timeout": 2,
            "type": "http",
            "url": "http://127.0.0.1:51234/hook/0192f0c1-0000-7000-8000-000000000001"
          }
        ],
        "matcher": "Edit|Write|MultiEdit"
      }
    ],
    "PreToolUse": [
      {
        "hooks": [
          {
            "command": "audit",
            "type": "command"
          }
        ],
        "matcher": "Bash"
      }
    ],
    "SessionEnd": [
      {
        "hooks": [
          {
            "allowedEnvVars": [
              "KELTA_HOOK_TOKEN"
            ],
            "headers": {
              "Authorization": "Bearer ${KELTA_HOOK_TOKEN}"
            },
            "timeout": 2,
            "type": "http",
            "url": "http://127.0.0.1:51234/hook/0192f0c1-0000-7000-8000-000000000001"
          }
        ]
      }
    ],
    "SessionStart": [
      {
        "hooks": [
          {
            "async": true,
            "command": "'/Users/ada/Library/Application Support/dev.kelta.Kelta/bin/current/kelta-ctl' hook",
            "timeout": 5,
            "type": "command"
          }
        ]
      }
    ],
    "Stop": [
      {
        "hooks": [
          {
            "allowedEnvVars": [
              "KELTA_HOOK_TOKEN"
            ],
            "headers": {
              "Authorization": "Bearer ${KELTA_HOOK_TOKEN}"
            },
            "timeout": 2,
            "type": "http",
            "url": "http://127.0.0.1:51234/hook/0192f0c1-0000-7000-8000-000000000001"
          }
        ]
      },
      {
        "hooks": [
          {
            "command": "say done",
            "type": "command"
          }
        ]
      }
    ],
    "StopFailure": [
      {
        "hooks": [
          {
            "allowedEnvVars": [
              "KELTA_HOOK_TOKEN"
            ],
            "headers": {
              "Authorization": "Bearer ${KELTA_HOOK_TOKEN}"
            },
            "timeout": 2,
            "type": "http",
            "url": "http://127.0.0.1:51234/hook/0192f0c1-0000-7000-8000-000000000001"
          }
        ]
      }
    ],
    "UserPromptSubmit": [
      {
        "hooks": [
          {
            "allowedEnvVars": [
              "KELTA_HOOK_TOKEN"
            ],
            "headers": {
              "Authorization": "Bearer ${KELTA_HOOK_TOKEN}"
            },
            "timeout": 2,
            "type": "http",
            "url": "http://127.0.0.1:51234/hook/0192f0c1-0000-7000-8000-000000000001"
          }
        ]
      }
    ]
  }
}
