---
source: crates/kelta-trackers/tests/it/adf.rs
expression: "adf_to_markdown(&support::fixture(\"adf/rich.json\"))"
---
## Context

Plain, **bold**, *italic*, ~~struck~~, `code` and a [link](https://example.com/x?a=1).  
after break @Alice 🚀 [IN REVIEW] 2026-09-21

- first
- second
  - nested

3. three
4. four

- [x] ship it
- [ ] write docs

```rust
fn main() {
    println!("hi");
}
```

> quoted

> heads up

---

| Name | Value |
| --- | --- |
| a\|b | 1<br>2 |

[attachment: diagram.png]

**Details**

hidden text

<https://acme.atlassian.net/browse/SHOP-1>
