---
source: crates/kelta-core/tests/it/spawn.rs
expression: env
---
{
  "COLORTERM": "truecolor",
  "DATABASE_URL": "postgres://localhost/shop_dev",
  "EDITOR": "nvim",
  "FOO": "request",
  "HOME": "/home/ada",
  "KELTA_HOOK_TOKEN": "00112233445566778899aabbccddeeff",
  "KELTA_MCP_TOKEN": "ffeeddccbbaa99887766554433221100",
  "KELTA_PROJECT_ID": "shop",
  "KELTA_SESSION_ID": "01928f6e-2b4c-7a10-9c3d-5e6f70819203",
  "KELTA_SOCK": "/tmp/kelta-501/ctl.sock",
  "KELTA_TICKET": "SHOP-142",
  "LANG": "en_US.UTF-8",
  "PATH": "/usr/local/bin:/usr/bin",
  "SHELL": "/bin/zsh",
  "TERM": "xterm-256color",
  "TERMINFO": "/usr/share/terminfo",
  "TERM_PROGRAM": "kelta",
  "TERM_PROGRAM_VERSION": "0.1.0"
}
